0 info it worked if it ends with ok
1 verbose cli [
1 verbose cli   'C:\\Program Files\\nodejs\\node.exe',
1 verbose cli   'D:\\clouddesk\\asset-management-backend\\node_modules\\npm\\bin\\npm-cli.js',
1 verbose cli   'run',
1 verbose cli   'in-build'
1 verbose cli ]
2 info using npm@2.15.12
3 info using node@v20.19.2
4 verbose run-script [ 'prein-build', 'in-build', 'postin-build' ]
5 info prein-build asset-management-backend@1.0.0
6 info in-build asset-management-backend@1.0.0
7 verbose unsafe-perm in lifecycle true
8 info asset-management-backend@1.0.0 Failed to exec in-build script
9 verbose stack Error: asset-management-backend@1.0.0 in-build: `docker build -t nivaana .`
9 verbose stack Exit status 1
9 verbose stack     at EventEmitter.<anonymous> (D:\clouddesk\asset-management-backend\node_modules\npm\lib\utils\lifecycle.js:217:16)
9 verbose stack     at EventEmitter.emit (node:events:524:28)
9 verbose stack     at ChildProcess.<anonymous> (D:\clouddesk\asset-management-backend\node_modules\npm\lib\utils\spawn.js:24:14)
9 verbose stack     at ChildProcess.emit (node:events:524:28)
9 verbose stack     at maybeClose (node:internal/child_process:1104:16)
9 verbose stack     at ChildProcess._handle.onexit (node:internal/child_process:304:5)
10 verbose pkgid asset-management-backend@1.0.0
11 verbose cwd D:\clouddesk\asset-management-backend
12 error Windows_NT 10.0.26100
13 error argv "C:\\Program Files\\nodejs\\node.exe" "D:\\clouddesk\\asset-management-backend\\node_modules\\npm\\bin\\npm-cli.js" "run" "in-build"
14 error node v20.19.2
15 error npm  v2.15.12
16 error code ELIFECYCLE
17 error asset-management-backend@1.0.0 in-build: `docker build -t nivaana .`
17 error Exit status 1
18 error Failed at the asset-management-backend@1.0.0 in-build script 'docker build -t nivaana .'.
18 error This is most likely a problem with the asset-management-backend package,
18 error not with npm itself.
18 error Tell the author that this fails on your system:
18 error     docker build -t nivaana .
18 error You can get information on how to open an issue for this project with:
18 error     npm bugs asset-management-backend
18 error Or if that isn't available, you can get their info via:
18 error
18 error     npm owner ls asset-management-backend
18 error There is likely additional logging output above.
19 verbose exit [ 1, true ]
